
[1;36m==> 1/10 Staging the clean package tree (scripts/stage-clean-skill.mjs)[0m
Source revision: 0e79602e3550ee3dfd1b542aee20472843e3a7b6
[1;32m  [ok][0m staged 106 files into <proof>/native-tmp/archify-pack-poc-SRRETR/staged

[1;36m==> 2/10 npm pack from the staged tree[0m
[1;32m  [ok][0m packed tt-a1i-archify-3.0.2-dev.1.tgz
Package: @tt-a1i/archify@3.0.2-dev.1
Integrity: sha512-1hGYrXj0O/kD2toJbsK3apoXavviAW8Rn4uS0Kx89/HLyRSnMjbKDCOY5BuDCZtC0CQqZ/XxfmGkFiZSWbgt1w==
Packed files:
  LICENSE
  SKILL.md
  THIRD_PARTY_NOTICES.md
  assets/JetBrainsMono-OFL.txt
  assets/template.html
  bin/archify.mjs
  bin/delivery-update.mjs
  bin/finalize.mjs
  bin/open-artifact.mjs
  bin/preview.mjs
  bin/recover-output.mjs
  bin/visual-check.mjs
  brand-marks/catalog.json
  brand-marks/README.md
  delta/architecture-delta.mjs
  examples/agent-run.lifecycle.json
  examples/agent-tool-call.workflow.json
  examples/async-job-roundtrip.sequence.json
  examples/brand-aware-delivery.architecture.json
  examples/cache-miss-request.sequence.json
  examples/checkout-platform.base.architecture.json
  examples/checkout-platform.head.architecture.json
  examples/dataflow-product-analytics.html
  examples/deployment-release.lifecycle.json
  examples/event-stream.dataflow.json
  examples/holiday-planning.workflow.json
  examples/incident-response.workflow.json
  examples/lifecycle-agent-run.html
  examples/locales/de.json
  examples/locales/es.json
  examples/locales/fr.json
  examples/locales/fr.partial.json
  examples/locales/it.json
  examples/locales/ja.json
  examples/locales/ko.json
  examples/locales/pt.json
  examples/locales/ru.json
  examples/product-analytics.dataflow.json
  examples/production-deployment.architecture.json
  examples/release-delivery.workflow.json
  examples/sequence-cache-miss-request.html
  examples/web-app-rendered.html
  examples/web-app.architecture.json
  examples/workflow-agent-tool-call-rendered.html
  migrations/workflow-v2.mjs
  package.json
  recipes/scenarios.mjs
  references/architecture-layout-repair.md
  references/authoring-contract.md
  references/authoring-defaults.md
  references/brand-marks.md
  references/delivery-contract.md
  references/repository-authoring.md
  references/update-awareness.md
  references/viewer-runtime.md
  renderers/architecture/grid.mjs
  renderers/architecture/labels.mjs
  renderers/architecture/render-architecture.mjs
  renderers/architecture/routing.mjs
  renderers/dataflow/README.md
  renderers/dataflow/render-dataflow.mjs
  renderers/lifecycle/grid-routing.mjs
  renderers/lifecycle/README.md
  renderers/lifecycle/render-lifecycle.mjs
  renderers/sequence/README.md
  renderers/sequence/render-sequence.mjs
  renderers/shared/atomic-output.mjs
  renderers/shared/brand-marks.mjs
  renderers/shared/cli.mjs
  renderers/shared/desktop-readability.mjs
  renderers/shared/diagnostics.mjs
  renderers/shared/engineering-profiles.mjs
  renderers/shared/generated-brand-marks.mjs
  renderers/shared/generated-validators.mjs
  renderers/shared/geometry.mjs
  renderers/shared/i18n.mjs
  renderers/shared/layout-report.mjs
  renderers/shared/legend.mjs
  renderers/shared/output-path.mjs
  renderers/shared/path-semantics.mjs
  renderers/shared/portable-path.mjs
  renderers/shared/repository-evidence.mjs
  renderers/shared/repository-location.mjs
  renderers/shared/route-quality.mjs
  renderers/shared/sidecar-path.mjs
  renderers/shared/spatial-grid.mjs
  renderers/shared/text-fit.mjs
  renderers/shared/utils.mjs
  renderers/shared/validator.mjs
  renderers/workflow/README.md
  renderers/workflow/render-workflow.mjs
  renderers/workflow/workflow-compiler.mjs
  renderers/workflow/workflow-migration-geometry.mjs
  schemas/architecture.schema.json
  schemas/common.schema.json
  schemas/dataflow.schema.json
  schemas/lifecycle.schema.json
  schemas/README.md
  schemas/sequence.schema.json
  schemas/workflow.schema.json
  scripts/check-render-output.mjs
  scripts/check-update.mjs
  scripts/render-examples.mjs
  scripts/update-contract.mjs
  skill-release.json

[1;36m==> 3/10 Extracting tarball into an isolated directory[0m
[1;32m  [ok][0m extracted 105 files

[1;36m==> 4/10 Verifying packaged metadata (scoped name, bin-only, clean manifest)[0m
[1;32m  [ok][0m name, bin-only surface, and clean manifest confirmed

[1;36m==> 5/10 Verifying bundled assets required by the shipped commands[0m
[1;32m  [ok][0m bundled bin/archify.mjs
[1;32m  [ok][0m bundled bin/preview.mjs
[1;32m  [ok][0m bundled bin/visual-check.mjs
[1;32m  [ok][0m bundled bin/open-artifact.mjs
[1;32m  [ok][0m bundled renderers/shared/generated-validators.mjs
[1;32m  [ok][0m bundled renderers/shared/output-path.mjs
[1;32m  [ok][0m bundled delta/architecture-delta.mjs
[1;32m  [ok][0m bundled recipes/scenarios.mjs
[1;32m  [ok][0m bundled schemas/architecture.schema.json
[1;32m  [ok][0m bundled schemas/workflow.schema.json
[1;32m  [ok][0m bundled schemas/sequence.schema.json
[1;32m  [ok][0m bundled schemas/dataflow.schema.json
[1;32m  [ok][0m bundled schemas/lifecycle.schema.json
[1;32m  [ok][0m bundled examples/web-app.architecture.json
[1;32m  [ok][0m bundled examples/agent-tool-call.workflow.json
[1;32m  [ok][0m bundled examples/cache-miss-request.sequence.json
[1;32m  [ok][0m bundled examples/product-analytics.dataflow.json
[1;32m  [ok][0m bundled examples/agent-run.lifecycle.json
[1;32m  [ok][0m bundled examples/checkout-platform.base.architecture.json
[1;32m  [ok][0m bundled examples/checkout-platform.head.architecture.json
[1;32m  [ok][0m bundled assets/template.html
[1;32m  [ok][0m bundled assets/JetBrainsMono-OFL.txt
[1;32m  [ok][0m bundled scripts/check-render-output.mjs
[1;32m  [ok][0m bundled scripts/check-update.mjs
[1;32m  [ok][0m bundled scripts/render-examples.mjs
[1;32m  [ok][0m bundled scripts/update-contract.mjs
[1;32m  [ok][0m bundled SKILL.md
[1;32m  [ok][0m bundled THIRD_PARTY_NOTICES.md
[1;32m  [ok][0m bundled LICENSE
[1;32m  [ok][0m bundled skill-release.json
[1;32m  [ok][0m bundled package.json

[1;36m==> 6/10 Installing the same tarball locally and in an isolated global prefix[0m

added 1 package in 1s
[1;32m  [ok][0m installed into <proof>/native-tmp/archify-pack-poc-SRRETR/install/node_modules/@tt-a1i/archify

added 1 package in 1s
[1;32m  [ok][0m installed into an isolated global prefix containing a space

[1;36m==> 7/10 Running archify doctor outside the checkout for both installations[0m
Archify doctor

[ok] Node.js v22.23.2 (requires >=18)
[ok] Core template
[ok] Example renderer
[ok] Live preview runtime
[ok] Visual-check runtime
[ok] Finalize runtime
[ok] Output path safety runtime
[ok] Atomic output safety runtime
[ok] Physical path semantics runtime
[ok] Sidecar path naming runtime
[ok] Portable path contract runtime
[ok] Scenario recipe guide
[ok] Progressive authoring references
[ok] Architecture compare runtime and proof fixtures
[ok] Standalone schema validators
[ok] architecture renderer, schema, and example
[ok] workflow renderer, schema, and example
[ok] sequence renderer, schema, and example
[ok] dataflow renderer, schema, and example
[ok] lifecycle renderer, schema, and example

Archify is ready.
Archify doctor

[ok] Node.js v22.23.2 (requires >=18)
[ok] Core template
[ok] Example renderer
[ok] Live preview runtime
[ok] Visual-check runtime
[ok] Finalize runtime
[ok] Output path safety runtime
[ok] Atomic output safety runtime
[ok] Physical path semantics runtime
[ok] Sidecar path naming runtime
[ok] Portable path contract runtime
[ok] Scenario recipe guide
[ok] Progressive authoring references
[ok] Architecture compare runtime and proof fixtures
[ok] Standalone schema validators
[ok] architecture renderer, schema, and example
[ok] workflow renderer, schema, and example
[ok] sequence renderer, schema, and example
[ok] dataflow renderer, schema, and example
[ok] lifecycle renderer, schema, and example

Archify is ready.
[1;32m  [ok][0m doctor reports a complete installation

[1;36m==> 8/10 Rendering and validating with the installed CLI[0m
[1;32m  [ok][0m validate architecture
[1;32m  [ok][0m deliver architecture (receipt verified, artifact written)

[1;36m==> 9/10 Rendering all five installed examples through local and global CLI shims[0m
<proof>\native-tmp\archify-pack-poc-SRRETR\src-architecture.html
<proof>\native-tmp\archify-pack-poc-SRRETR\installed-architecture.html
[1;32m  [ok][0m architecture: npx output byte-identical to source
<proof>\native-tmp\archify-pack-poc-SRRETR\global-architecture.html
[1;32m  [ok][0m architecture: isolated global output byte-identical to source
<proof>\native-tmp\archify-pack-poc-SRRETR\src-workflow.html
<proof>\native-tmp\archify-pack-poc-SRRETR\installed-workflow.html
[1;32m  [ok][0m workflow: npx output byte-identical to source
<proof>\native-tmp\archify-pack-poc-SRRETR\global-workflow.html
[1;32m  [ok][0m workflow: isolated global output byte-identical to source
<proof>\native-tmp\archify-pack-poc-SRRETR\src-sequence.html
<proof>\native-tmp\archify-pack-poc-SRRETR\installed-sequence.html
[1;32m  [ok][0m sequence: npx output byte-identical to source
<proof>\native-tmp\archify-pack-poc-SRRETR\global-sequence.html
[1;32m  [ok][0m sequence: isolated global output byte-identical to source
<proof>\native-tmp\archify-pack-poc-SRRETR\src-dataflow.html
<proof>\native-tmp\archify-pack-poc-SRRETR\installed-dataflow.html
[1;32m  [ok][0m dataflow: npx output byte-identical to source
<proof>\native-tmp\archify-pack-poc-SRRETR\global-dataflow.html
[1;32m  [ok][0m dataflow: isolated global output byte-identical to source
<proof>\native-tmp\archify-pack-poc-SRRETR\src-lifecycle.html
<proof>\native-tmp\archify-pack-poc-SRRETR\installed-lifecycle.html
[1;32m  [ok][0m lifecycle: npx output byte-identical to source
<proof>\native-tmp\archify-pack-poc-SRRETR\global-lifecycle.html
[1;32m  [ok][0m lifecycle: isolated global output byte-identical to source

[1;36m==> 10/10 Checking machine-readable failures from both installed CLI paths[0m
[1;32m  [ok][0m local: exit 1 and classified JSON diagnostics
[1;32m  [ok][0m global: exit 1 and classified JSON diagnostics
[1;32m  [ok][0m retained the verified tarball and metadata in <proof>/artifacts/windows

[1;32mPackaging PoC passed.[0m
