TAP version 13
# Subtest: preview: direct force closes an unfinished HTTP request
ok 1 - preview: direct force closes an unfinished HTTP request # SKIP test name does not match pattern
  ---
  duration_ms: 1.081022
  ...
# Subtest: preview: escalated force closes an unfinished HTTP request
ok 2 - preview: escalated force closes an unfinished HTTP request # SKIP test name does not match pattern
  ---
  duration_ms: 0.080339
  ...
# Subtest: preview: force closes SSE clients and remains idempotent
ok 3 - preview: force closes SSE clients and remains idempotent # SKIP test name does not match pattern
  ---
  duration_ms: 0.129329
  ...
# Subtest: preview: force closes HTTP while killing an active delivery without publishing it
ok 4 - preview: force closes HTTP while killing an active delivery without publishing it # SKIP test name does not match pattern
  ---
  duration_ms: 0.050552
  ...
# Subtest: preview CLI: second Ctrl-C exits despite an unfinished HTTP request
ok 5 - preview CLI: second Ctrl-C exits despite an unfinished HTTP request # SKIP test name does not match pattern
  ---
  duration_ms: 0.091175
  ...
# Subtest: preview: force preserves recovery material at the real delivery snapshot window
ok 6 - preview: force preserves recovery material at the real delivery snapshot window
  ---
  duration_ms: 1632.852533
  ...
# Subtest: preview: force preserves recovery material at the real delivery receipt window
ok 7 - preview: force preserves recovery material at the real delivery receipt window
  ---
  duration_ms: 1779.398755
  ...
1..7
# tests 7
# suites 0
# pass 2
# fail 0
# cancelled 0
# skipped 5
# todo 0
# duration_ms 3499.881094
