TAP version 13
# Subtest: adapter source lives only under integrations/deepseek-harness with no root workspace
ok 1 - adapter source lives only under integrations/deepseek-harness with no root workspace
  ---
  duration_ms: 1.305602
  type: 'test'
  ...
# Subtest: publishable manifest is @tt-a1i/archify-dsh@0.2.0 with a DSH bundle patch and no install surface
ok 2 - publishable manifest is @tt-a1i/archify-dsh@0.2.0 with a DSH bundle patch and no install surface
  ---
  duration_ms: 0.681878
  type: 'test'
  ...
# Subtest: bundle patch inserts one uniquely named filesystem Skill provider resolved from the installed package
ok 3 - bundle patch inserts one uniquely named filesystem Skill provider resolved from the installed package
  ---
  duration_ms: 1.845413
  type: 'test'
  ...
# Subtest: distribution acceptance reserves stdout for its machine-readable JSON receipt
ok 4 - distribution acceptance reserves stdout for its machine-readable JSON receipt
  ---
  duration_ms: 0.531113
  type: 'test'
  ...
# Subtest: pack and acceptance enforce the pinned-runtime contract before executing it
ok 5 - pack and acceptance enforce the pinned-runtime contract before executing it
  ---
  duration_ms: 0.543014
  type: 'test'
  ...
# Subtest: distribution receipt separates canonical ZIP bytes from cross-platform content checks
ok 6 - distribution receipt separates canonical ZIP bytes from cross-platform content checks
  ---
  duration_ms: 0.321677
  type: 'test'
  ...
# Subtest: the repository still has exactly one checked-in Archify SKILL.md and no generated DSH payload
ok 7 - the repository still has exactly one checked-in Archify SKILL.md and no generated DSH payload
  ---
  duration_ms: 14.776486
  type: 'test'
  ...
# Subtest: Archify core does not import, detect, or branch on DeepSeek Harness
ok 8 - Archify core does not import, detect, or branch on DeepSeek Harness
  ---
  duration_ms: 18.99607
  type: 'test'
  ...
# Subtest: full-depth Skills CLI discovery still finds only one skill named archify
not ok 9 - full-depth Skills CLI discovery still finds only one skill named archify
  ---
  duration_ms: 424814.006052
  type: 'test'
  location: '/tmp/archify-533-dev-JxlGe1/repo/integrations/deepseek-harness/test/zero-regression.test.mjs:55:1'
  failureType: 'testCodeFailure'
  error: |-
    Expected values to be strictly equal:

    null !== 0

  code: 'ERR_ASSERTION'
  name: 'AssertionError'
  expected: 0
  actual: ~
  operator: 'strictEqual'
  stack: |-
    TestContext.<anonymous> (file:///tmp/archify-533-dev-JxlGe1/repo/integrations/deepseek-harness/test/zero-regression.test.mjs:60:10)
    Test.runInAsyncScope (node:async_hooks:214:14)
    Test.run (node:internal/test_runner/test:1047:25)
    Test.processPendingSubtests (node:internal/test_runner/test:744:18)
    Test.postRun (node:internal/test_runner/test:1173:19)
    Test.run (node:internal/test_runner/test:1101:12)
    async Test.processPendingSubtests (node:internal/test_runner/test:744:7)
  ...
1..9
# tests 9
# suites 0
# pass 8
# fail 1
# cancelled 0
# skipped 0
# todo 0
# duration_ms 424966.664051
